nom: Les Cambres del Senyor
######################################################################
#..................................................................#.#
#..................................................................#.#
#..................................................................#.#
#......G...........G...........G...........G.......................#.#
#..................................................................#.#
#####.....##########.....##########.....##########.....############.#
#...#.....#........#.....#........#.....#........#.....#..........#.#
#...#.....#...D....#.....#...D....#.....#...D....#.....#...D......#.#
#...#.....#........#.....#........#.....#........#.....#..........#.#
#...#######........#######........#######........#######..........###
#...............................................................................#
#@......i.............i.............i.............i......................i......#
#...............................................................................#
#...#######........#######........#######........#######..........###
#...#.....#........#.....#........#.....#........#.....#..........#.#
#...#.....#...G....#.....#...G....#.....#...G....#.....#...G......#.#
#...#.....#........#.....#........#.....#........#.....#..........#.#
#####.....##########.....##########.....##########.....############.#
#..................................................................#.#
#......D...........D...........D...........D.......................#.#
#..................................................................#.#
#..................................................................#.#
######################################################################
