nom: La Biblioteca Prohibida
##########################################################################
#..#.....#.....#.....#.....#.....#.....#.....#.....#.....#.....#.......#
#..#..B..#..B..#.....#.....#..B..#.....#..B..#.....#.....#..B..#.......#
#..#.....#.....#.....#.....#.....#.....#.....#.....#.....#.....#...G...#
#..###.###.###.###.###.###.###.###.###.###.###.###.###.###.###.#########
#...........................................................................#
#....i.......i.......i.......i.......i.......i.......i.......i............#
#...........................................................................#
#..###.###.###.###.###.###.###.###.###.###.###.###.###.###.###.#########
#..#.....#.....#.....#.....#.....#.....#.....#.....#.....#.....#.......#
#..#..B..#.....#..B..#.....#..B..#.....#..B..#.....#..B..#.....#.......#
#..#.....#.....#.....#.....#.....#.....#.....#.....#.....#.....#...G...#
#..#########################################################################
#@..........................................................................................#
#...........B.....B.........B.....B.........B.....B.........B.....B.....#
#....................................................................................G...#
##########################################################################
