nom: Les Cambres dels Servents
########################################################################################
#@..............#.......................#................................................#
#...............#.......................#.....B..........B...............................#
#...............#.......................#................................................#
#####.....##############################.......................#######################..##
#............................#..........#.......................#.......................#..#
#............................#..........#.......................#.......................#..#
#.....e......................#..........#########################.......................#..#
#............................#..........#...............................i...............#..#
#....................i........#..........#.......................................B......#..#
#............................#..........########################################.......#..#
#############################..........#.......#................................#.......#..#
#.......................................#.......#.......B................B.......#.......#..#
#...........B...................i.......#.......#................................#########..#
#.......................................#.......#################################################
#.......................................#.......#.................i..........B...............#
#.......................................#.......#...................................................#
############################.....##########.....###########...............................B.....#
#......................#.......................#...............................................#
#......................#..i....................#..B.......................................B....#
#....B.................#.......................#...............................................#
#......................#.......................##############################################
#......................#.......................#.........i.........#
#......................#.....i.................#...................#
########################.......................###################
