nom: Planta 2
######################################################################################################################################################################################
#.....................................................................................................##..................................................................#..........#
#>....................................................................................................##..................................................................#....###...#
#.....................................................................................................##............##....................................................#....###...#
#............................................########..............#########............##............##............##....................................................#....###...#
#............................................########..............#########............##............##............##....................................................#..........#
##########################..............................................................##............##.♦♦.........##....................................................#..........#
#........................#........♦♦♦♦♦♦♦♦♦♦♦♦♦♦♦♦♦♦♦♦♦♦♦♦♦♦♦♦♦.........................##..........................##....................................................#....###...#
#........................#..............................................................##..........................##....................................................#....###...#
#...............#..♦.♦♦..#####################################################################################################################################............#....###...#
#...............#........#..................#################...........................................................................................##................#..........#
#...............#........#..................####.........♦♦♦♦♦♦♦♦♦♦♦♦♦♦♦♦♦♦♦♦♦♦♦♦♦♦♦♦♦♦♦♦♦♦♦♦♦♦♦♦♦♦♦♦♦♦♦♦♦♦♦♦♦♦♦♦♦♦♦♦♦♦♦♦♦♦♦♦♦♦♦♦♦♦♦....................##................#..........#
#........♦......#........#..............................................................................................................................##................#....###...#
#...............#....<...#######################........................................................................................................##................#....###...#
#...............#........#############################################################################################################################..##................#....###...#
#....♦..##################..♦.........................###................................#...........................................................#..##................#..........#
#........................#..##........................###................................#...........................................................#..##................#..........#
#.....♦.....................##........................###...........###..................#...........................................................#..##................#..........#
#....................♦......##........................###...........###..................#...........................................................#..##................#..........#
#...........................##........................###...........###..................#...........................................................#..##................#..........#
##############################..................♦.....###...........###..................#...........................................................##.##...........................#
#............#.........................♦..............###.....♦.....###..................#..................................................♦♦♦♦♦♦♦♦.................................#
#............#........................................###...........###.....♦.......♦....########################################################################....#############Ø.##
#............#........................................###...........###..................#..................................................................##.............#.........#
#............#........................................###...........###..................#..................................................................##.............#.........#
#............#........................................###...........###...........♦......#..................................................................##.............#.........#
#............#........................................###...........###..................#..................................................................##.............#.........#
#............#######################################♦.###.........♦.###..................#..................................................................##.............#.........#
#............#######################################..###...........###..................#..................................................................##.............#.........#
#............#..............................................♦.......###........♦.........#..................................................................##.............#.........#
#............#......................................................###..................#..................................................................##.............#.........#
#............#.........................................♦............###..................#.........................................................♦♦♦♦♦♦..................#.........#
#............#......................................................###..................#..................................................................##.............#.........#
#............#......................................................###..................#####################################################################.............#.........#
#...................................................................###..................Ø****************************************************************.*##.............#.........#
#............#......................................................###.............♦♦♦♦...**********Ø******************************************************...............#.........#
#.########################################################################################****************************************************************.*...............#.........#
#........................................................................................#******************************************************************##.............#.........#
#........................................................................................#******************************************************************##.............#.........#
######################################################################################################################################################################################

