########################################################################################################################
#...............#...............#...............#############################...........#################..............#
#...............#...............#...............########..............#######...........#################..............#
#...............#...............#...............#######................######...........#################..............#
#...............#...............#...............######..................#####...........#############################..#
#...i...i.......#...............#...............######..................#####...........#############################..#
#...............#...............#.........B.....#######.........D......######...........#################..............#
#.........i.....#.......B.......#...............########..............#######...........#################..............#
#..i....i.....i.#...............#...............#########............########...........#################..#############
#.......i.i.i.i.#...............#...............##########..........#########...........#################..#############
######....#############..##############..############...................#################################..............#
#...............................................#####...................................#################..............#
#...............................................#####...................................#############################..#
#...............................................#####...................................#############################..#
#.......................i.......................##############..####..D.................#################..............#
#..........B......i.............D...............##############..####....................#################..............#
#.........................................B.....##############..####....................#################..............#
#........................i......................##############..####....................#################..............#
#...............................................##############..####....................#################..............#
#...............................................##############..####....................#################..............#
############......############################################..###############################################...######
###########.......###...........................##############..###########....################################...######
##########.B..B..####...................i.......##############..###########....##########################..............#
#########.......#####...................i.......##############..###########....##########################..............#
########.......######............i.......i......##############..###########....##########################..............#
#######....B..#######...........................##############..#########################################..............#
######.......########...........................##############..####....................................#..............#
#####.......##################################################..####....................................#..............#
####.......#########................................##########..####....................................#..............#
###.......##########........................D...................####....................................#..............#
###......B##########............................................####....................................#..............#
#..................#................................#####################################################..............#
#..................######################################################################################..............#
#..................#################################################################....................#..............#
#..................#################################....................................................#..............#
#.........D........#.........................................D..........................................#..............#
#..................#....................................................................................#..............#
#..................#################################....................................................#..............#
#..................#....................................................................................#..............#
########################################################################################################################