nom: El Cim de la Torre - Es Drac
############################################################
#..........................................................#
#..........................................................#
#....G..............G..............G..............G.........#
#..........................................................#
#..........................................................#
#....######........######........######........######.......#
#....#....#........#....#........#....#........#....#.......#
#....#.D..#........#.D..#........#.D..#........#.D..#.......#
#....#....#........#....#........#....#........#....#.......#
#....######........######........######........######.......#
#..........................................................#
#..........................................................#
########.....##################################.....########
#......#.....#....................................#.....#
#......#.....#....................................#.....#
#......#.....#.....i....D....D....D....D....i.....#.....#
#......#.....#....................................#.....#
#......#.....#....................................#.....#
########.....##################################.....########
#..........................................................#
#..........................................................#
#....######........######........######........######.......#
#....#....#........#....#........#....#........#....#.......#
#....#.G..#........#.G..#........#.G..#........#.G..#.......#
#....#....#........#....#........#....#........#....#.......#
#....######........######........######........######.......#
#..........................................................#
#@.........................................................#
############################################################
