    ########################################################################################################################
    #...............#...............#...............#############################...........#################..............#
    #...............#...............#...............########..............#######...........#################..............#
    #...............#...............#...............#######................######...........#################..............#
    #...............#...............#...............######..................#####...........#############################..#
    #...i...i.......#...............#...............######..................#####...........#############################..#
    #...........d...#...............#.........B.....#######.........D......######...........#################..............#
    #...............#.......B.......#...............########..............#######...........#################..............#
    #..i............#...............#...............#########............########...........#################..#############
    #...............#...............#...............##########..........#########...........#################..#############
    ######....#############..##############..############...................##########...####################..............#
    #...............................................#####...................................#################..............#
    #...............................................#####...................................#############################..#
    #...............................................#####...................................#############################..#
    #.......................i.......................##############..####..D.................#################..............#
    #..........b......i.............D...............##############..####....................#################..............#
    #.........................................B.....##############..####....................#################..............#
    #........................i......................##############..####....................#################..............#
    #...............................................##############..####....................#################..............#
    #...............................................##############..####....................#################..............#
    ############......############################################..###########....################################...######
    ###########.......###...........................##############..###########....################################...######
    ##########.B..B..####...................i.......##############..###########....##########################..............#
    #########.......#####...................i.......##############..###########....##########################..............#
    ########.......######............i.......i......##############..###########....##########################..............#
    #######....B..#######...........................##############..###########....##########################..............#
    ######.......########...........................##############..####...................................................#
    #####.......##################################################..####...................................................#
    ####.......#########................................##########..####...................................................#
    ###.......##########........................D...................####...................................................#
    ###......B##########............................................####...................................................#
    #..................#................................#####################################################..............#
    #..................######################################################################################..............#
    #..................#################################################################...................................#
    #..................#################################...................................................................#
    #.........D..................................................D.........................................................#
    #......................................................................................................................#
    #..................#################################...................................................................#
    #..................#...................................................................................................#
    ########################################################################################################################