nom: Planta 3
######################################################################################################################################################################################
#....>................##..............#..............#################......####################....................###.....................................########.....#######.....#
#.....................##..................########.................................................########..........####.................................##########.....#######.....#
#.....................##..................########.................................................########...........#####.............................############.....#######.....#
#.....................##..............#..............#################......####################.......................######.........................##############.....#######.....#
#.....................#########......########################################################################...........#######.....................################.....#######.....#
#.....................##.........................########..#####......#########......########...............##...........############...#############.............##.................#
#.....................##...................................#.................................................##...........###########...#############.............##.................#
#.....................##.................................#....................................................##...........##########...#############.............##.....#######.....#
#.....................##.................................###.###......#########................................##..................................##.............##.....#######.....#
#.....................##........................##############################################..................##.................................##.............##.....#######.....#
#.....................##########################################################################.................##..........########..............##.............##.....#######.....#
#######.....######################################################################################................##.........########.........###..#####..........##.....#######.....#
#..............................................................................................#####...............##........########.........###.................##.....#######.....#
#..............................................................................................#######.<.############........########.........###.................##.....#######.....#
#..............................................................................................######################........########.........###.................##.................#
#.......................................***********************...........♦♦♦♦♦♦♦♦♦..........................................########.........###.................##.................#
#..............................................................................................######################........########.........###.................##.....#######.....#
#.....................................................................................................###############.........................###.................##.....#######.....#
################################################################################################..............#######...##################....###........................#######.....#
#.............#.....................................................##.......................#****************#######...##################....###.................####################
#.............#.....................................................##.......................#****************#######...##################....###........................#######.....#
#...................##################################################.......................#****************#######...##################....###.................##.....#######.....#
#...............#####...............................................##.......................#****************#######.........................###.................##.....#######.....#
#...................#...............................................############....#######..#****************#######.........................###.................##.................#
#...................#..........############.........................##.................#....##****************#######..........#####..........###.................##.................#
#...................#..........############............................................#..####****************#######..........#####..........###.................##.....#######.....#
#...................#..........##...................................##.................#.#####****************#######..........#####..........###.................##.....#######.....#
#...................#..........##...................................##.................#######****************.................#####..........###.................##.....#######.....#
#...................#..........##........##.........................##........................****************.................#####..........###.................##.....#######.....#
#..............######..........##........##.........................##........................***************.................................###.................##.....#######.....#
#...................#..........##........##.........................##........................***.************###################################################.##.................#
#...................#...##########.......#####################################################****************#.................................................#.##.................#
######....###########...##########..##########################################################****************#.................................................#.##.................#
#...................#...##########.......#####################################################****************#.................................................####.....#######.....#
#........................................#..............#........#.......#....#....#.......#..****************#.................................................####.....#######.....#
#........................................#..............#........#....#....................#..****************#.................................................####.....#######.....#
#........................................#..................#....#....#.......#....#.......#..ØØØØØØØØØØØØØØØØ#.................................................####.....#######.....#
#........................................#..................#.........#.....#......#.........#................#..........................................................#######.....#
######################################################################################################################################################################################
