SLF4J: Failed to load class "org.slf4j.impl.StaticLoggerBinder".
SLF4J: Defaulting to no-operation (NOP) logger implementation
SLF4J: See http://www.slf4j.org/codes.html#StaticLoggerBinder for further details.
WARNING: A restricted method in java.lang.System has been called
WARNING: java.lang.System::load has been called by org.sqlite.SQLiteJDBCLoader in an unnamed module (file:/home/kanhai/Desktop/torreDeRondalles/target/original-torre-de-rondalles.jar)
WARNING: Use --enable-native-access=ALL-UNNAMED to avoid a warning for callers in this module
WARNING: Restricted methods will be blocked in a future release unless native access is enabled

Exception in thread "main" java.lang.IllegalArgumentException: RGB: r is outside of valid range (0-255)
	at com.googlecode.lanterna.TextColor$RGB.<init>(TextColor.java:582)
	at com.iessineu.rondalles.motor.Renderitzador.fosqueix(Renderitzador.java:211)
	at com.iessineu.rondalles.motor.Renderitzador.dibuixa(Renderitzador.java:136)
	at com.iessineu.rondalles.joc.Joc.renderitza(Joc.java:598)
	at com.iessineu.rondalles.motor.Motor.start(Motor.java:86)
	at com.iessineu.rondalles.Main.main(Main.java:75)
