nom: Planta 1
########################################################################################################################
#...............#...............#...............#############################...........#################**************#
#...............#...............#...............########.......<......#######...........#################**************#
#...............#...............#...............#######................######...........#################**************#
#...............#...............#...............######..................#####...........#############################**#
#...............#...............#...............######..................#####...........#############################**#
#...............#...............#...............#######................######...........#################♦*************#
#...............#...............#...............########..............#######...........#################♦♦************#
#...............#...............#...............#########............########...........#################♦*#############
#...............#...............#...............##########..........#########...........#################♦*#############
######....#############..##############..############...................########.....####################*.***********Ø#
#...............................................#####...................................#################************.*#
#...............................................#####...................................#############################**#
#...............................................#####...................................#############################**#
#...............................................##############~*####....................#################**************#
#...............................................##############~*####....................#################***.***.****.*#
#...............................................##############~*####....................#################**************#
#...............................................##############~*####....................#################**************#
#...............................................##############~*####....................#################**************#
#...............................................##############~*####....................#################.**.**********#
############~~~~~~~######################*****################~*###########....################################***######
###########~~~~~~~###...........................##############~*###########....################################***######
##########~~~≈~~~####...........................##############~*###########....##########################******.******.#
#########~~~≈~~~#####...........................##############~*###########....##########################*************♦#
########~~~~~~~######...........................##############~*###########....##########################**************#
#######~~~~~~≈#######...........................##############~*###########....##########################**************#
######~~≈≈≈≈~########...........................##############~*####.....................................**************#
#####~~~~~~~##################################################~*####.....................................**************#
####~~~~~~~###########..............................##########~*####......................................*************#
###~~~~~~~############..........................................####.....................................**************#
##~~~~~~~#############..........................................####.....................................**************#
#..................###..............................#####################################################**************#
#..................######################################################################################**************#
#..................#################################################################***********************************#
#..................#################################.................###############***********************************#
#...................................................................................****************************♦*****.#
#...................................................................................**********************************Ø#
#..................#################################.................###############***********************************#
#..................#################################################################***********************************#
########################################################################################################################
